   1              		.cpu cortex-m4
   2              		.eabi_attribute 20, 1
   3              		.eabi_attribute 21, 1
   4              		.eabi_attribute 23, 3
   5              		.eabi_attribute 24, 1
   6              		.eabi_attribute 25, 1
   7              		.eabi_attribute 26, 1
   8              		.eabi_attribute 30, 4
   9              		.eabi_attribute 34, 1
  10              		.eabi_attribute 18, 4
  11              		.file	"simpleserial-benchmark-template.c"
  12              		.text
  13              	.Ltext0:
  14              		.cfi_sections	.debug_frame
  15              		.section	.text.get_pt,"ax",%progbits
  16              		.align	1
  17              		.global	get_pt
  18              		.arch armv7e-m
  19              		.syntax unified
  20              		.thumb
  21              		.thumb_func
  22              		.fpu softvfp
  24              	get_pt:
  25              	.LVL0:
  26              	.LFB4:
  27              		.file 1 "simpleserial-benchmark-template.c"
   1:simpleserial-benchmark-template.c **** 
   2:simpleserial-benchmark-template.c **** #include <stdint.h>
   3:simpleserial-benchmark-template.c **** #include <stdlib.h> // Required for malloc/free if used, but we'll use stack buffers
   4:simpleserial-benchmark-template.c **** 
   5:simpleserial-benchmark-template.c **** // Include HAL and SimpleSerial headers
   6:simpleserial-benchmark-template.c **** #include "hal.h"
   7:simpleserial-benchmark-template.c **** #include "simpleserial.h"
   8:simpleserial-benchmark-template.c **** 
   9:simpleserial-benchmark-template.c **** uint32_t rand_uint32() {
  10:simpleserial-benchmark-template.c ****     return ((uint32_t)rand() << 16) | ((uint32_t)rand() & 0xFFFF);
  11:simpleserial-benchmark-template.c **** }
  12:simpleserial-benchmark-template.c **** 
  13:simpleserial-benchmark-template.c **** // Helper function to convert a single hex character to its integer value
  14:simpleserial-benchmark-template.c **** static uint8_t hex_to_int(char c) {
  15:simpleserial-benchmark-template.c ****     if (c >= '0' && c <= '9') {
  16:simpleserial-benchmark-template.c ****         return c - '0';
  17:simpleserial-benchmark-template.c ****     } else if (c >= 'a' && c <= 'f') {
  18:simpleserial-benchmark-template.c ****         return c - 'a' + 10;
  19:simpleserial-benchmark-template.c ****     } else if (c >= 'A' && c <= 'F') {
  20:simpleserial-benchmark-template.c ****         return c - 'A' + 10;
  21:simpleserial-benchmark-template.c ****     }
  22:simpleserial-benchmark-template.c ****     return 0; // Should not happen with valid input
  23:simpleserial-benchmark-template.c **** }
  24:simpleserial-benchmark-template.c **** 
  25:simpleserial-benchmark-template.c **** // Helper function to convert 8 (big-endian) hex characters (representing 4 bytes) to a uint32_t
  26:simpleserial-benchmark-template.c **** static uint32_t hex_to_uint32(const uint8_t* hex_chars) {
  27:simpleserial-benchmark-template.c ****     uint32_t val = 0;
  28:simpleserial-benchmark-template.c ****     for (int i = 0; i < 8; ++i) {
  29:simpleserial-benchmark-template.c ****         val = (val << 4) | hex_to_int((char)hex_chars[i]);
  30:simpleserial-benchmark-template.c ****     }
  31:simpleserial-benchmark-template.c ****     return val;
  32:simpleserial-benchmark-template.c **** }
  33:simpleserial-benchmark-template.c **** 
  34:simpleserial-benchmark-template.c **** // Helper function to convert a uint32_t to 8 (big-endian) hex characters 
  35:simpleserial-benchmark-template.c **** static void uint32_to_hex(uint32_t val, uint8_t* hex_buf) {
  36:simpleserial-benchmark-template.c ****     for (int i = 7; i >= 0; --i) {
  37:simpleserial-benchmark-template.c ****         uint8_t nibble = (val >> (i * 4)) & 0x0F;
  38:simpleserial-benchmark-template.c ****         if (nibble < 10) {
  39:simpleserial-benchmark-template.c ****             hex_buf[7 - i] = '0' + nibble;
  40:simpleserial-benchmark-template.c ****         } else {
  41:simpleserial-benchmark-template.c ****             hex_buf[7 - i] = 'A' + (nibble - 10);
  42:simpleserial-benchmark-template.c ****         }
  43:simpleserial-benchmark-template.c ****     }
  44:simpleserial-benchmark-template.c **** }
  45:simpleserial-benchmark-template.c **** 
  46:simpleserial-benchmark-template.c **** 
  47:simpleserial-benchmark-template.c **** 
  48:simpleserial-benchmark-template.c **** // SimpleSerial command handler for 'p' (process/plain) command
  49:simpleserial-benchmark-template.c **** // Input 'data' contains 16 hex characters (8 bytes total)
  50:simpleserial-benchmark-template.c **** // representing r0 (first 8 chars) and share0 (next 8 chars).
  51:simpleserial-benchmark-template.c **** // Returns 0 on success.
  52:simpleserial-benchmark-template.c **** uint8_t get_pt(uint8_t* data, uint8_t len) {
  28              		.loc 1 52 44 view -0
  29              		.cfi_startproc
  30              		@ args = 0, pretend = 0, frame = 16
  31              		@ frame_needed = 0, uses_anonymous_args = 0
  53:simpleserial-benchmark-template.c ****     if (len != 8) { // We expect 8 bytes (16 hex chars) converted by simpleserial
  32              		.loc 1 53 5 view .LVU1
  52:simpleserial-benchmark-template.c ****     if (len != 8) { // We expect 8 bytes (16 hex chars) converted by simpleserial
  33              		.loc 1 52 44 is_stmt 0 view .LVU2
  34 0000 F0B5     		push	{r4, r5, r6, r7, lr}
  35              	.LCFI0:
  36              		.cfi_def_cfa_offset 20
  37              		.cfi_offset 4, -20
  38              		.cfi_offset 5, -16
  39              		.cfi_offset 6, -12
  40              		.cfi_offset 7, -8
  41              		.cfi_offset 14, -4
  42              		.loc 1 53 8 view .LVU3
  43 0002 0829     		cmp	r1, #8
  52:simpleserial-benchmark-template.c ****     if (len != 8) { // We expect 8 bytes (16 hex chars) converted by simpleserial
  44              		.loc 1 52 44 view .LVU4
  45 0004 85B0     		sub	sp, sp, #20
  46              	.LCFI1:
  47              		.cfi_def_cfa_offset 40
  48              		.loc 1 53 8 view .LVU5
  49 0006 27D1     		bne	.L3
  50              	.LVL1:
  51              	.LBB4:
  52              	.LBI4:
  52:simpleserial-benchmark-template.c ****     if (len != 8) { // We expect 8 bytes (16 hex chars) converted by simpleserial
  53              		.loc 1 52 9 is_stmt 1 view .LVU6
  54              	.LBB5:
  54:simpleserial-benchmark-template.c ****         return 1; 
  55:simpleserial-benchmark-template.c ****     }
  56:simpleserial-benchmark-template.c **** 
  57:simpleserial-benchmark-template.c ****     volatile uint32_t share0  = (uint32_t)data[0] << 24 | (uint32_t)data[1] << 16 | (uint32_t)data[
  55              		.loc 1 57 5 view .LVU7
  56 0008 0568     		ldr	r5, [r0]	@ unaligned
  57 000a 4068     		ldr	r0, [r0, #4]	@ unaligned
  58              	.LVL2:
  59              		.loc 1 57 5 is_stmt 0 view .LVU8
  60 000c 2DBA     		rev	r5, r5
  61              		.loc 1 57 23 view .LVU9
  62 000e 0095     		str	r5, [sp]
  58:simpleserial-benchmark-template.c ****     volatile uint32_t share1 = (uint32_t)data[4] << 24 | (uint32_t)data[5] << 16 | (uint32_t)data[6
  63              		.loc 1 58 5 is_stmt 1 view .LVU10
  64 0010 00BA     		rev	r0, r0
  59:simpleserial-benchmark-template.c ****     volatile register uint32_t regA   asm("r1"); 
  60:simpleserial-benchmark-template.c ****     volatile register uint32_t regB   asm("r2"); 
  61:simpleserial-benchmark-template.c ****     volatile register uint32_t regC   asm("r3"); 
  62:simpleserial-benchmark-template.c ****     volatile register uint32_t regD   asm("r4"); 
  63:simpleserial-benchmark-template.c ****     volatile uint32_t zero = (uint32_t) 0;
  65              		.loc 1 63 23 is_stmt 0 view .LVU11
  66 0012 0025     		movs	r5, #0
  58:simpleserial-benchmark-template.c ****     volatile uint32_t share1 = (uint32_t)data[4] << 24 | (uint32_t)data[5] << 16 | (uint32_t)data[6
  67              		.loc 1 58 23 view .LVU12
  68 0014 0190     		str	r0, [sp, #4]
  59:simpleserial-benchmark-template.c ****     volatile register uint32_t regA   asm("r1"); 
  69              		.loc 1 59 5 is_stmt 1 view .LVU13
  60:simpleserial-benchmark-template.c ****     volatile register uint32_t regC   asm("r3"); 
  70              		.loc 1 60 5 view .LVU14
  61:simpleserial-benchmark-template.c ****     volatile register uint32_t regD   asm("r4"); 
  71              		.loc 1 61 5 view .LVU15
  62:simpleserial-benchmark-template.c ****     volatile uint32_t zero = (uint32_t) 0;
  72              		.loc 1 62 5 view .LVU16
  73              		.loc 1 63 5 view .LVU17
  64:simpleserial-benchmark-template.c ****     // --- Start of power trace capture ---
  65:simpleserial-benchmark-template.c ****     trigger_high();
  66:simpleserial-benchmark-template.c ****     
  67:simpleserial-benchmark-template.c ****     // Microbenchmark
  68:simpleserial-benchmark-template.c ****     asm volatile (
  74              		.loc 1 68 5 is_stmt 0 view .LVU18
  75 0016 01AE     		add	r6, sp, #4
  63:simpleserial-benchmark-template.c ****     // --- Start of power trace capture ---
  76              		.loc 1 63 23 view .LVU19
  77 0018 0295     		str	r5, [sp, #8]
  65:simpleserial-benchmark-template.c ****     
  78              		.loc 1 65 5 is_stmt 1 view .LVU20
  79 001a FFF7FEFF 		bl	trigger_high
  80              	.LVL3:
  81              		.loc 1 68 5 view .LVU21
  82 001e 029F     		ldr	r7, [sp, #8]
  83 0020 6846     		mov	r0, sp
  84 0022 0DF1080C 		add	ip, sp, #8
  85              		.syntax unified
  86              	@ 68 "simpleserial-benchmark-template.c" 1
  87 0026 DCF80030 		ldr r3, [ip]
  88 002a 0168     	ldr r1, [r0]
  89 002c DCF80030 	ldr r3, [ip]
  90 0030 00BF     	nop
  91 0032 00BF     	nop
  92 0034 00BF     	nop
  93 0036 00BF     	nop
  94 0038 00BF     	nop
  95 003a 00BF     	nop
  96 003c 00BF     	nop
  97 003e 00BF     	nop
  98 0040 3760     	str r7, [r6]
  99 0042 3160     	str r1, [r6]
 100              	
 101              	@ 0 "" 2
  69:simpleserial-benchmark-template.c **** 		
  70:simpleserial-benchmark-template.c **** 		
  71:simpleserial-benchmark-template.c **** 		"ldr %2, [%7]\n"
  72:simpleserial-benchmark-template.c **** 		"ldr %0, [%4]\n"
  73:simpleserial-benchmark-template.c **** 		"ldr %2, [%7]\n"
  74:simpleserial-benchmark-template.c **** 		"nop\n"
  75:simpleserial-benchmark-template.c **** 		"nop\n"
  76:simpleserial-benchmark-template.c **** 		"nop\n"
  77:simpleserial-benchmark-template.c **** 		"nop\n"
  78:simpleserial-benchmark-template.c **** 		"nop\n"
  79:simpleserial-benchmark-template.c **** 		"nop\n"
  80:simpleserial-benchmark-template.c **** 		"nop\n"
  81:simpleserial-benchmark-template.c **** 		"nop\n"
  82:simpleserial-benchmark-template.c **** 		"str %6, [%5]\n"
  83:simpleserial-benchmark-template.c **** 		"str %0, [%5]\n"
  84:simpleserial-benchmark-template.c **** 		
  85:simpleserial-benchmark-template.c **** 		: "+r" (regA), "+r" (regB), "+r" (regC), "+r" (regD)
  86:simpleserial-benchmark-template.c **** 		: "r" (&share0), "r" (&share1), "r" (zero), "r" (&zero)
  87:simpleserial-benchmark-template.c **** 		:
  88:simpleserial-benchmark-template.c **** 		
  89:simpleserial-benchmark-template.c ****     );
  90:simpleserial-benchmark-template.c ****     
  91:simpleserial-benchmark-template.c ****     // --- End of power trace capture ---
  92:simpleserial-benchmark-template.c ****     trigger_low();
 102              		.loc 1 92 5 view .LVU22
 103              		.thumb
 104              		.syntax unified
 105 0044 FFF7FEFF 		bl	trigger_low
 106              	.LVL4:
  93:simpleserial-benchmark-template.c **** 
  94:simpleserial-benchmark-template.c ****     uint8_t result_buf[4];
 107              		.loc 1 94 5 view .LVU23
  95:simpleserial-benchmark-template.c **** 
  96:simpleserial-benchmark-template.c ****     // 'r' command, 4 bytes of data
  97:simpleserial-benchmark-template.c ****     simpleserial_put('r', 4, result_buf);
 108              		.loc 1 97 5 view .LVU24
 109 0048 7220     		movs	r0, #114
 110 004a 03AA     		add	r2, sp, #12
 111 004c 0421     		movs	r1, #4
 112 004e FFF7FEFF 		bl	simpleserial_put
 113              	.LVL5:
  98:simpleserial-benchmark-template.c **** 
  99:simpleserial-benchmark-template.c ****     return 0; // Indicate success
 114              		.loc 1 99 5 view .LVU25
 115              		.loc 1 99 5 is_stmt 0 view .LVU26
 116 0052 2846     		mov	r0, r5
 117              	.L2:
 118              	.LBE5:
 119              	.LBE4:
 100:simpleserial-benchmark-template.c **** }
 120              		.loc 1 100 1 view .LVU27
 121 0054 05B0     		add	sp, sp, #20
 122              	.LCFI2:
 123              		.cfi_remember_state
 124              		.cfi_def_cfa_offset 20
 125              		@ sp needed
 126 0056 F0BD     		pop	{r4, r5, r6, r7, pc}
 127              	.LVL6:
 128              	.L3:
 129              	.LCFI3:
 130              		.cfi_restore_state
  54:simpleserial-benchmark-template.c ****     }
 131              		.loc 1 54 16 view .LVU28
 132 0058 0120     		movs	r0, #1
 133              	.LVL7:
  54:simpleserial-benchmark-template.c ****     }
 134              		.loc 1 54 16 view .LVU29
 135 005a FBE7     		b	.L2
 136              		.cfi_endproc
 137              	.LFE4:
 139              		.section	.text.rand_uint32,"ax",%progbits
 140              		.align	1
 141              		.global	rand_uint32
 142              		.syntax unified
 143              		.thumb
 144              		.thumb_func
 145              		.fpu softvfp
 147              	rand_uint32:
 148              	.LFB0:
   9:simpleserial-benchmark-template.c ****     return ((uint32_t)rand() << 16) | ((uint32_t)rand() & 0xFFFF);
 149              		.loc 1 9 24 is_stmt 1 view -0
 150              		.cfi_startproc
 151              		@ args = 0, pretend = 0, frame = 0
 152              		@ frame_needed = 0, uses_anonymous_args = 0
  10:simpleserial-benchmark-template.c **** }
 153              		.loc 1 10 5 view .LVU31
   9:simpleserial-benchmark-template.c ****     return ((uint32_t)rand() << 16) | ((uint32_t)rand() & 0xFFFF);
 154              		.loc 1 9 24 is_stmt 0 view .LVU32
 155 0000 10B5     		push	{r4, lr}
 156              	.LCFI4:
 157              		.cfi_def_cfa_offset 8
 158              		.cfi_offset 4, -8
 159              		.cfi_offset 14, -4
  10:simpleserial-benchmark-template.c **** }
 160              		.loc 1 10 23 view .LVU33
 161 0002 FFF7FEFF 		bl	rand
 162              	.LVL8:
 163 0006 0446     		mov	r4, r0
  10:simpleserial-benchmark-template.c **** }
 164              		.loc 1 10 50 view .LVU34
 165 0008 FFF7FEFF 		bl	rand
 166              	.LVL9:
  10:simpleserial-benchmark-template.c **** }
 167              		.loc 1 10 57 view .LVU35
 168 000c 80B2     		uxth	r0, r0
  11:simpleserial-benchmark-template.c **** 
 169              		.loc 1 11 1 view .LVU36
 170 000e 40EA0440 		orr	r0, r0, r4, lsl #16
 171 0012 10BD     		pop	{r4, pc}
 172              		.cfi_endproc
 173              	.LFE0:
 175              		.section	.text.startup.main,"ax",%progbits
 176              		.align	1
 177              		.global	main
 178              		.syntax unified
 179              		.thumb
 180              		.thumb_func
 181              		.fpu softvfp
 183              	main:
 184              	.LFB5:
 101:simpleserial-benchmark-template.c **** 
 102:simpleserial-benchmark-template.c **** 
 103:simpleserial-benchmark-template.c **** int main(void) {
 185              		.loc 1 103 16 is_stmt 1 view -0
 186              		.cfi_startproc
 187              		@ Volatile: function does not return.
 188              		@ args = 0, pretend = 0, frame = 0
 189              		@ frame_needed = 0, uses_anonymous_args = 0
 104:simpleserial-benchmark-template.c ****     platform_init();
 190              		.loc 1 104 5 view .LVU38
 103:simpleserial-benchmark-template.c ****     platform_init();
 191              		.loc 1 103 16 is_stmt 0 view .LVU39
 192 0000 08B5     		push	{r3, lr}
 193              	.LCFI5:
 194              		.cfi_def_cfa_offset 8
 195              		.cfi_offset 3, -8
 196              		.cfi_offset 14, -4
 197              		.loc 1 104 5 view .LVU40
 198 0002 FFF7FEFF 		bl	platform_init
 199              	.LVL10:
 105:simpleserial-benchmark-template.c **** 
 106:simpleserial-benchmark-template.c ****     init_uart();
 200              		.loc 1 106 5 is_stmt 1 view .LVU41
 201 0006 FFF7FEFF 		bl	init_uart
 202              	.LVL11:
 107:simpleserial-benchmark-template.c **** 
 108:simpleserial-benchmark-template.c ****     trigger_setup();
 203              		.loc 1 108 5 view .LVU42
 204 000a FFF7FEFF 		bl	trigger_setup
 205              	.LVL12:
 109:simpleserial-benchmark-template.c ****     simpleserial_init();
 206              		.loc 1 109 5 view .LVU43
 207 000e FFF7FEFF 		bl	simpleserial_init
 208              	.LVL13:
 110:simpleserial-benchmark-template.c **** 
 111:simpleserial-benchmark-template.c ****     // Register the SimpleSerial command 'p'
 112:simpleserial-benchmark-template.c ****     // 'p': command character
 113:simpleserial-benchmark-template.c ****     // 8: expected number of data bytes (16 hex characters input)
 114:simpleserial-benchmark-template.c ****     // get_pt: callback function pointer
 115:simpleserial-benchmark-template.c ****     simpleserial_addcmd('p', 8, get_pt);
 209              		.loc 1 115 5 view .LVU44
 210 0012 044A     		ldr	r2, .L7
 211 0014 0821     		movs	r1, #8
 212 0016 7020     		movs	r0, #112
 213 0018 FFF7FEFF 		bl	simpleserial_addcmd
 214              	.LVL14:
 215              	.L6:
 116:simpleserial-benchmark-template.c **** 
 117:simpleserial-benchmark-template.c ****     // Main loop: continuously check for and process incoming SimpleSerial data
 118:simpleserial-benchmark-template.c ****     while (1) {
 216              		.loc 1 118 5 discriminator 1 view .LVU45
 119:simpleserial-benchmark-template.c ****         simpleserial_get();
 217              		.loc 1 119 9 discriminator 1 view .LVU46
 218 001c FFF7FEFF 		bl	simpleserial_get
 219              	.LVL15:
 118:simpleserial-benchmark-template.c ****         simpleserial_get();
 220              		.loc 1 118 11 discriminator 1 view .LVU47
 221 0020 FCE7     		b	.L6
 222              	.L8:
 223 0022 00BF     		.align	2
 224              	.L7:
 225 0024 00000000 		.word	get_pt
 226              		.cfi_endproc
 227              	.LFE5:
 229              		.text
 230              	.Letext0:
 231              		.file 2 "/usr/lib/gcc/arm-none-eabi/10.3.1/include/stdint.h"
 232              		.file 3 "/home/max/chipwhisperer/firmware/mcu/hal/hal.h"
 233              		.file 4 "/home/max/chipwhisperer/firmware/mcu/hal/stm32f3/stm32f3_hal.h"
 234              		.file 5 "/home/max/chipwhisperer/firmware/mcu/simpleserial/simpleserial.h"
 235              		.file 6 "/usr/include/newlib/stdlib.h"
DEFINED SYMBOLS
                            *ABS*:0000000000000000 simpleserial-benchmark-template.c
     /tmp/ccEMeWyo.s:16     .text.get_pt:0000000000000000 $t
     /tmp/ccEMeWyo.s:24     .text.get_pt:0000000000000000 get_pt
     /tmp/ccEMeWyo.s:140    .text.rand_uint32:0000000000000000 $t
     /tmp/ccEMeWyo.s:147    .text.rand_uint32:0000000000000000 rand_uint32
     /tmp/ccEMeWyo.s:176    .text.startup.main:0000000000000000 $t
     /tmp/ccEMeWyo.s:183    .text.startup.main:0000000000000000 main
     /tmp/ccEMeWyo.s:225    .text.startup.main:0000000000000024 $d

UNDEFINED SYMBOLS
trigger_high
trigger_low
simpleserial_put
rand
platform_init
init_uart
trigger_setup
simpleserial_init
simpleserial_addcmd
simpleserial_get
